// Jest Snapshot v1, https://goo.gl/fbAQLP

exports[`<Header /> should match snapshot 1`] = `
<header
  className="header"
>
  <nav
    className="header__nav"
  >
    <ul
      className="header__nav-list"
    >
      <li
        className="header__nav-item"
      >
        <NavLink
          activeStyle={
            Object {
              "color": "red",
            }
          }
          isActive={[Function]}
          label="Saint-Petersburg"
          to="/saint-petersburg"
        >
          Saint-Petersburg
        </NavLink>
      </li>
      <li
        className="header__nav-item"
      >
        <NavLink
          activeStyle={
            Object {
              "color": "red",
            }
          }
          label="Moscow"
          to="/moscow"
        >
          Moscow
        </NavLink>
      </li>
      <li
        className="header__nav-item"
      >
        <NavLink
          activeStyle={
            Object {
              "color": "red",
            }
          }
          label="Rostov-on-Don"
          to="/rostov-on-don"
        >
          Rostov-on-Don
        </NavLink>
      </li>
    </ul>
  </nav>
</header>
`;
